<?xml version="1.0" encoding="utf-8"?><testsuites name="pytest tests"><testsuite name="pytest" errors="0" failures="0" skipped="0" tests="90" time="6.711" timestamp="2026-04-16T19:54:45.136409-04:00" hostname="home"><testcase classname="test.test_main_package_glue" name="test_normalize_model_maps_aliases[None-gpt-4o-mini]" file="test\test_main_package_glue.py" line="8" time="0.005" /><testcase classname="test.test_main_new" name="test_cache_stats" file="test\test_main_new.py" line="127" time="0.029" /><testcase classname="test.test_main_package_glue" name="test_normalize_model_maps_aliases[gpt-4-turbo-gpt-4o]" file="test\test_main_package_glue.py" line="8" time="0.001" /><testcase classname="test.test_main_package_glue" name="test_normalize_model_maps_aliases[gpt4-gpt-4o]" file="test\test_main_package_glue.py" line="8" time="0.001" /><testcase classname="test.test_main_package_glue" name="test_normalize_model_maps_aliases[claude-3.5-sonnet-gpt-4o]" file="test\test_main_package_glue.py" line="8" time="0.001" /><testcase classname="test.test_main_package_glue" name="test_normalize_model_maps_aliases[unknown-model-gpt-4o-mini]" file="test\test_main_package_glue.py" line="8" time="0.001" /><testcase classname="test.test_main_package_glue" name="test_zip_dir_to_bytes_includes_nested_files" file="test\test_main_package_glue.py" line="22" time="0.011" /><testcase classname="test.test_main_new" name="test_availability_batch" file="test\test_main_new.py" line="147" time="0.028" /><testcase classname="test.test_main_new" name="test_search_packages_empty_query" file="test\test_main_new.py" line="85" time="0.012" /><testcase classname="test.test_main_new" name="test_root" file="test\test_main_new.py" line="45" time="0.006" /><testcase classname="test.test_main_new" name="test_get_readme_by_name_not_found" file="test\test_main_new.py" line="160" time="0.009" /><testcase classname="test.test_main_new" name="test_search_history" file="test\test_main_new.py" line="165" time="0.008" /><testcase classname="test.test_main_new" name="test_health" file="test\test_main_new.py" line="50" time="0.006" /><testcase classname="test.test_main_new" name="test_get_readme_by_name" file="test\test_main_new.py" line="154" time="0.009" /><testcase classname="test.test_main_new" name="test_generate_readme" file="test\test_main_new.py" line="91" time="0.013" /><testcase classname="test.test_main_new" name="test_generate_package" file="test\test_main_new.py" line="109" time="0.076" /><testcase classname="test.test_main_new" name="test_availability" file="test\test_main_new.py" line="139" time="0.008" /><testcase classname="test.test_main_new" name="test_search_packages_with_query" file="test\test_main_new.py" line="55" time="0.015" /><testcase classname="test.test_coder" name="test_docker_interpreter_init" file="test\test_coder.py" line="29" time="0.014" /><testcase classname="test.test_coder" name="test_cleanup_cache" file="test\test_coder.py" line="87" time="0.006" /><testcase classname="test.test_coder" name="test_generate_library_flow" file="test\test_coder.py" line="56" time="0.014" /><testcase classname="test.test_client_base" name="test_init_raises_error_no_api_key" file="test\test_client_base.py" line="12" time="0.001" /><testcase classname="test.test_main_new" name="test_clear_cache" file="test\test_main_new.py" line="133" time="0.009" /><testcase classname="test.test_coder" name="test_library_spec_post_init" file="test\test_coder.py" line="46" time="0.001" /><testcase classname="test.test_coder" name="test_docker_interpreter_init_fail" file="test\test_coder.py" line="39" time="0.004" /><testcase classname="test.test_coder_cli" name="test_coder_cli_generate" file="test\test_coder_cli.py" line="6" time="0.007" /><testcase classname="test.test_coder_cli" name="test_coder_cli_list" file="test\test_coder_cli.py" line="35" time="0.002" /><testcase classname="test.test_coder_cli" name="test_coder_cli_cleanup" file="test\test_coder_cli.py" line="64" time="0.002" /><testcase classname="test.test_initial" name="test_import" file="test\test_initial.py" line="3" time="0.001" /><testcase classname="test.test_pypi_scraper" name="test_get_project_metadata_accepts_unknown_top_level_fields" file="test\test_pypi_scraper.py" line="44" time="0.011" /><testcase classname="test.test_pypi_scraper" name="test_get_all_releases_reads_upload_time_from_pypi_json_response" file="test\test_pypi_scraper.py" line="85" time="0.005" /><testcase classname="test.test_pypi_scraper" name="test_get_project_metadata_returns_none_for_404" file="test\test_pypi_scraper.py" line="68" time="0.002" /><testcase classname="test.test_client_base" name="test_ask_llm_to_fix_json" file="test\test_client_base.py" line="61" time="0.582" /><testcase classname="test.test_client_base" name="test_parse_and_repair_json_standard" file="test\test_client_base.py" line="29" time="0.286" /><testcase classname="test.test_client_readme" name="test_generate_readme_legacy_error" file="test\test_client_readme.py" line="30" time="0.012" /><testcase classname="test.test_client_readme" name="test_generate_readme_markdown" file="test\test_client_readme.py" line="43" time="0.008" /><testcase classname="test.test_client_readme" name="test_generate_readme_legacy" file="test\test_client_readme.py" line="15" time="0.011" /><testcase classname="test.test_client_readme" name="test_generate_readme_markdown_with_fences" file="test\test_client_readme.py" line="55" time="0.003" /><testcase classname="test.test_package_cache" name="test_update_cache_downloads_and_loads_package_names" file="test\test_package_cache.py" line="31" time="0.022" /><testcase classname="test.test_package_cache" name="test_package_exists_normalizes_name" file="test\test_package_cache.py" line="20" time="0.010" /><testcase classname="test.test_cache_manager" name="test_get_cached_package_removes_stale_database_entries" file="test\test_cache_manager.py" line="82" time="0.035" /><testcase classname="test.test_cache_manager" name="test_generate_stub_package_creates_installable_structure" file="test\test_cache_manager.py" line="91" time="0.028" /><testcase classname="test.test_cache_manager" name="test_get_all_cached_searches_skips_invalid_entries" file="test\test_cache_manager.py" line="45" time="0.021" /><testcase classname="test.test_cache_manager" name="test_search_cache_round_trip" file="test\test_cache_manager.py" line="27" time="0.018" /><testcase classname="test.test_cache_manager" name="test_cache_readme_persists_to_database_and_filesystem" file="test\test_cache_manager.py" line="68" time="0.022" /><testcase classname="test.test_cache_manager" name="test_cache_manager_initializes_expected_tables" file="test\test_cache_manager.py" line="19" time="0.012" /><testcase classname="test.test_onboarding" name="test_run_onboarding_success" file="test\test_onboarding.py" line="7" time="0.005" /><testcase classname="test.test_onboarding" name="test_ensure_api_key_existing" file="test\test_onboarding.py" line="35" time="0.001" /><testcase classname="test.test_onboarding" name="test_run_onboarding_retry_then_success" file="test\test_onboarding.py" line="16" time="0.001" /><testcase classname="test.test_onboarding" name="test_run_onboarding_cancel" file="test\test_onboarding.py" line="26" time="0.001" /><testcase classname="test.test_onboarding" name="test_ensure_api_key_runs_onboarding" file="test\test_onboarding.py" line="41" time="0.001" /><testcase classname="test.test_client_search" name="test_search_packages_full_flow" file="test\test_client_search.py" line="47" time="0.039" /><testcase classname="test.test_client_search" name="test_generate_metadata_for_fake_packages" file="test\test_client_search.py" line="23" time="0.018" /><testcase classname="test.test_client_search" name="test_generate_package_name_candidates" file="test\test_client_search.py" line="13" time="0.017" /><testcase classname="test.test_entry_new" name="test_entry_start" file="test\test_entry_new.py" line="11" time="0.003" /><testcase classname="test.test_entry_new" name="test_entry_default" file="test\test_entry_new.py" line="5" time="0.001" /><testcase classname="test.test_entry_new" name="test_entry_other_args" file="test\test_entry_new.py" line="17" time="0.001" /><testcase classname="test.test_config" name="test_config_validate_requires_api_key" file="test\test_config.py" line="57" time="0.090" /><testcase classname="test.test_config" name="test_config_reads_environment_overrides" file="test\test_config.py" line="35" time="0.001" /><testcase classname="test.test_config" name="test_config_uses_defaults_when_environment_is_missing" file="test\test_config.py" line="5" time="0.001" /><testcase classname="test.test_pypi_scraper_new" name="test_get_project_metadata_http_error" file="test\test_pypi_scraper_new.py" line="66" time="0.315" /><testcase classname="test.test_client_base" name="test_parse_and_repair_json_untruncate" file="test\test_client_base.py" line="41" time="0.306" /><testcase classname="test.test_pypi_scraper_new" name="test_get_all_releases" file="test\test_pypi_scraper_new.py" line="106" time="0.002" /><testcase classname="test.test_pypi_scraper_new" name="test_get_project_details" file="test\test_pypi_scraper_new.py" line="76" time="0.010" /><testcase classname="test.test_pypi_scraper_new" name="test_build_metadata_url" file="test\test_pypi_scraper_new.py" line="14" time="0.001" /><testcase classname="test.test_pypi_scraper_new" name="test_get_project_readme" file="test\test_pypi_scraper_new.py" line="94" time="0.006" /><testcase classname="test.test_pypi_scraper_new" name="test_get_release_files" file="test\test_pypi_scraper_new.py" line="121" time="0.014" /><testcase classname="test.test_pypi_scraper_new" name="test_get_project_metadata_404" file="test\test_pypi_scraper_new.py" line="55" time="0.308" /><testcase classname="test.test_client_base" name="test_parse_and_repair_json_llm_fix" file="test\test_client_base.py" line="50" time="0.298" /><testcase classname="test.test_pypi_scraper_new" name="test_get_project_metadata_success" file="test\test_pypi_scraper_new.py" line="18" time="0.339" /><testcase classname="test.test_client_base" name="test_parse_and_repair_json_markdown" file="test\test_client_base.py" line="35" time="0.305" /><testcase classname="test.test_models" name="test_search_response" file="test\test_models.py" line="73" time="0.001" /><testcase classname="test.test_models" name="test_project_info" file="test\test_models.py" line="16" time="0.001" /><testcase classname="test.test_models" name="test_package_release" file="test\test_models.py" line="43" time="0.001" /><testcase classname="test.test_models" name="test_project_details" file="test\test_models.py" line="32" time="0.001" /><testcase classname="test.test_models" name="test_project_urls" file="test\test_models.py" line="23" time="0.001" /><testcase classname="test.test_models" name="test_package_file" file="test\test_models.py" line="51" time="0.001" /><testcase classname="test.test_models" name="test_readme_response" file="test\test_models.py" line="90" time="0.001" /><testcase classname="test.test_models" name="test_package_generate_request" file="test\test_models.py" line="95" time="0.001" /><testcase classname="test.test_models" name="test_search_result" file="test\test_models.py" line="64" time="0.001" /><testcase classname="test.test_models" name="test_readme_request" file="test\test_models.py" line="82" time="0.001" /><testcase classname="test.test_client_base" name="test_ask_llm_to_fix_json_error" file="test\test_client_base.py" line="71" time="0.333" /><testcase classname="test.test_api" name="test_root_endpoint" file="test\test_api.py" line="20" time="0.045" /><testcase classname="test.test_api" name="test_search_endpoint" file="test\test_api.py" line="32" time="0.035" /><testcase classname="test.test_api" name="test_cache_stats_endpoint" file="test\test_api.py" line="66" time="0.024" /><testcase classname="test.test_api" name="test_readme_endpoint" file="test\test_api.py" line="57" time="0.464" /><testcase classname="test.test_client_base" name="test_extract_json" file="test\test_client_base.py" line="19" time="0.262" /><testcase classname="test.test_client_readme" name="test_generate_readme_markdown_error" file="test\test_client_readme.py" line="67" time="0.015" /><testcase classname="test.test_api" name="test_clear_cache_endpoint" file="test\test_api.py" line="72" time="0.063" /><testcase classname="test.test_api" name="test_health_endpoint" file="test\test_api.py" line="26" time="0.023" /></testsuite></testsuites>